// Jest Snapshot v1, https://goo.gl/fbAQLP

exports[`rendering renders correctly buttons 1`] = `"\\"<div class=\\\\\\"settings__item settings__item--other\\\\\\">\\\\r\\\\n  <div class=\\\\\\"settings__info\\\\\\">\\\\r\\\\n    <span>\\\\r\\\\n      work iteration\\\\r\\\\n    </span>\\\\r\\\\n    <div class=\\\\\\"settings__controls\\\\\\" id=\\\\\\"iteration\\\\\\">\\\\r\\\\n      <button\\\\r\\\\n        class=\\\\\\"settings__controls__btn icon-minus js-btn js-btn-minus\\\\\\"\\\\r\\\\n      ></button>\\\\r\\\\n      <span class=\\\\\\"settings__controls__value js-btn-value\\\\\\">\\\\r\\\\n        5\\\\r\\\\n      </span>\\\\r\\\\n      <button\\\\r\\\\n        class=\\\\\\"settings__controls__btn icon-add js-btn js-btn-add\\\\\\"\\\\r\\\\n      ></button>\\\\r\\\\n    </div>\\\\r\\\\n  </div>\\\\r\\\\n  <p class=\\\\\\"settings__item__caption\\\\\\">\\\\r\\\\n    Please select a value between 2 and 5\\\\r\\\\n    <span class=\\\\\\"settings__item__caption--white\\\\\\">\\\\r\\\\n      iterations\\\\r\\\\n    </span>\\\\r\\\\n  </p>\\\\r\\\\n</div>\\\\r\\\\n<div class=\\\\\\"settings__item settings__item--hobby\\\\\\">\\\\r\\\\n  <div class=\\\\\\"settings__info\\\\\\">\\\\r\\\\n    <span>\\\\r\\\\n      long break\\\\r\\\\n    </span>\\\\r\\\\n    <div class=\\\\\\"settings__controls\\\\\\" id=\\\\\\"longBreak\\\\\\">\\\\r\\\\n      <button\\\\r\\\\n        class=\\\\\\"settings__controls__btn icon-minus js-btn js-btn-minus\\\\\\"\\\\r\\\\n      ></button>\\\\r\\\\n      <span class=\\\\\\"settings__controls__value js-btn-value\\\\\\">\\\\r\\\\n        30\\\\r\\\\n      </span>\\\\r\\\\n      <button\\\\r\\\\n        class=\\\\\\"settings__controls__btn icon-add js-btn js-btn-add\\\\\\"\\\\r\\\\n      ></button>\\\\r\\\\n    </div>\\\\r\\\\n  </div>\\\\r\\\\n  <p class=\\\\\\"settings__item__caption\\\\\\">\\\\r\\\\n    Please select a value between 15 and 30\\\\r\\\\n    <span class=\\\\\\"settings__item__caption--white\\\\\\">\\\\r\\\\n      minutes\\\\r\\\\n    </span>\\\\r\\\\n  </p>\\\\r\\\\n</div>\\\\r\\\\n<div class=\\\\\\"settings__item settings__item--education\\\\\\">\\\\r\\\\n  <div class=\\\\\\"settings__info\\\\\\">\\\\r\\\\n    <span>\\\\r\\\\n      short break\\\\r\\\\n    </span>\\\\r\\\\n    <div class=\\\\\\"settings__controls\\\\\\" id=\\\\\\"shortBreak\\\\\\">\\\\r\\\\n      <button\\\\r\\\\n        class=\\\\\\"settings__controls__btn icon-minus js-btn js-btn-minus\\\\\\"\\\\r\\\\n      ></button>\\\\r\\\\n      <span class=\\\\\\"settings__controls__value js-btn-value\\\\\\">\\\\r\\\\n        5\\\\r\\\\n      </span>\\\\r\\\\n      <button\\\\r\\\\n        class=\\\\\\"settings__controls__btn icon-add js-btn js-btn-add\\\\\\"\\\\r\\\\n      ></button>\\\\r\\\\n    </div>\\\\r\\\\n  </div>\\\\r\\\\n  <p class=\\\\\\"settings__item__caption\\\\\\">\\\\r\\\\n    Please select a value between 3 and 5\\\\r\\\\n    <span class=\\\\\\"settings__item__caption--white\\\\\\">\\\\r\\\\n      minutes\\\\r\\\\n    </span>\\\\r\\\\n  </p>\\\\r\\\\n</div>\\\\r\\\\n<div class=\\\\\\"settings__item settings__item--work\\\\\\">\\\\r\\\\n  <div class=\\\\\\"settings__info\\\\\\">\\\\r\\\\n    <span>\\\\r\\\\n      work time\\\\r\\\\n    </span>\\\\r\\\\n    <div class=\\\\\\"settings__controls\\\\\\" id=\\\\\\"work\\\\\\">\\\\r\\\\n      <button\\\\r\\\\n        class=\\\\\\"settings__controls__btn icon-minus js-btn js-btn-minus\\\\\\"\\\\r\\\\n      ></button>\\\\r\\\\n      <span class=\\\\\\"settings__controls__value js-btn-value\\\\\\">\\\\r\\\\n        25\\\\r\\\\n      </span>\\\\r\\\\n      <button\\\\r\\\\n        class=\\\\\\"settings__controls__btn icon-add js-btn js-btn-add\\\\\\"\\\\r\\\\n      ></button>\\\\r\\\\n    </div>\\\\r\\\\n  </div>\\\\r\\\\n  <p class=\\\\\\"settings__item__caption\\\\\\">\\\\r\\\\n    Please select a value between 15 and 25\\\\r\\\\n    <span class=\\\\\\"settings__item__caption--white\\\\\\">\\\\r\\\\n      minutes\\\\r\\\\n    </span>\\\\r\\\\n  </p>\\\\r\\\\n</div>\\\\r\\\\n\\""`;

exports[`rendering renders correctly categories 1`] = `"\\" <header class=\\\\\\"header js-header-main\\\\\\">\\\\r\\\\n\\\\r\\\\n <h1 class=\\\\\\"header__title\\\\\\">\\\\r\\\\n    daily task list\\\\r\\\\n  </h1>\\\\r\\\\n  <div class=\\\\\\"header__logo d-none\\\\\\">\\\\r\\\\n    <a href=\\\\\\"#\\\\\\">\\\\r\\\\n      <img src=\\\\\\"../images/Logo.svg\\\\\\" alt=\\\\\\"Logo\\\\\\" />\\\\r\\\\n    </a>\\\\r\\\\n  </div>\\\\r\\\\n  <nav class=\\\\\\"navigation\\\\\\" aria-label=\\\\\\"Main navigation\\\\\\">\\\\r\\\\n    <ul class=\\\\\\"navigation__list\\\\\\">\\\\r\\\\n      <li class=\\\\\\"navigation__item\\\\\\">\\\\r\\\\n        <button class=\\\\\\"navigation__btn js-header-nav-btn\\\\\\" data-link=\\\\\\"task-list\\\\\\" title=\\\\\\"Go to Tasks\\\\\\">\\\\r\\\\n          <span class=\\\\\\"icon-list \\\\\\"></span>\\\\r\\\\n        </button>\\\\r\\\\n      </li>\\\\r\\\\n      <li class=\\\\\\"navigation__item\\\\\\">\\\\r\\\\n        <button class=\\\\\\"navigation__btn js-header-nav-btn\\\\\\" data-link=\\\\\\"reports/day/tasks\\\\\\" title=\\\\\\"Go to Reports\\\\\\">\\\\r\\\\n          <span class=\\\\\\"icon-statistics \\\\\\"></span>\\\\r\\\\n        </button>\\\\r\\\\n      </li>\\\\r\\\\n      <li class=\\\\\\"navigation__item\\\\\\">\\\\r\\\\n        <button class=\\\\\\"navigation__btn js-header-nav-btn\\\\\\" data-link=\\\\\\"settings/pomodoros\\\\\\" title=\\\\\\"Go to Settings\\\\\\">\\\\r\\\\n          <span class=\\\\\\"icon-settings \\\\\\"></span>\\\\r\\\\n        </button>\\\\r\\\\n      </li>\\\\r\\\\n    </ul>\\\\r\\\\n  </nav>\\\\r\\\\n</header><main class=\\\\\\"main\\\\\\">\\\\r\\\\n  <div class=\\\\\\"tabs js-nav\\\\\\">\\\\r\\\\n  \\\\r\\\\n    <div class=\\\\\\"tab tab--right \\\\\\">\\\\r\\\\n        <button class=\\\\\\"tab__btn js-tablink first-main-tab tab__btn--active \\\\\\" data-tab=\\\\\\"pomodoros\\\\\\">pomodoros</button>\\\\r\\\\n        <button class=\\\\\\"tab__btn js-tablink second-main-tab \\\\\\" data-tab=\\\\\\"categories\\\\\\">categories</button>\\\\r\\\\n    </div>\\\\r\\\\n  </div>\\\\r\\\\n  <section class=\\\\\\"main__content main__content--categories\\\\\\" aria-label=\\\\\\"Categories List\\\\\\">\\\\r\\\\n      <h2 class=\\\\\\"main__content__title\\\\\\">Categories list overview</h2>\\\\r\\\\n\\\\r\\\\n      <ul class=\\\\\\"list\\\\\\">\\\\r\\\\n        <li class=\\\\\\"list__item settings__item--work\\\\\\">work</li>\\\\r\\\\n        <li class=\\\\\\"list__item settings__item--education\\\\\\">education</li>\\\\r\\\\n        <li class=\\\\\\"list__item settings__item--hobby\\\\\\">hobby</li>\\\\r\\\\n        <li class=\\\\\\"list__item settings__item--sport\\\\\\">sport</li>\\\\r\\\\n        <li class=\\\\\\"list__item settings__item--other\\\\\\">other</li>\\\\r\\\\n      </ul>\\\\r\\\\n\\\\r\\\\n      <div class=\\\\\\"main__control\\\\\\">\\\\r\\\\n        <button class=\\\\\\"main__control__button main__control__button--blue js-btn-to-tasks\\\\\\">\\\\r\\\\n          Go to Tasks\\\\r\\\\n        </button>\\\\r\\\\n      </div>\\\\r\\\\n    </section>\\\\r\\\\n</main>\\\\r\\\\n\\\\r\\\\n\\""`;

exports[`rendering renders correctly page 1`] = `"\\" <header class=\\\\\\"header js-header-main\\\\\\">\\\\r\\\\n\\\\r\\\\n <h1 class=\\\\\\"header__title\\\\\\">\\\\r\\\\n    daily task list\\\\r\\\\n  </h1>\\\\r\\\\n  <div class=\\\\\\"header__logo d-none\\\\\\">\\\\r\\\\n    <a href=\\\\\\"#\\\\\\">\\\\r\\\\n      <img src=\\\\\\"../images/Logo.svg\\\\\\" alt=\\\\\\"Logo\\\\\\" />\\\\r\\\\n    </a>\\\\r\\\\n  </div>\\\\r\\\\n  <nav class=\\\\\\"navigation\\\\\\" aria-label=\\\\\\"Main navigation\\\\\\">\\\\r\\\\n    <ul class=\\\\\\"navigation__list\\\\\\">\\\\r\\\\n      <li class=\\\\\\"navigation__item\\\\\\">\\\\r\\\\n        <button class=\\\\\\"navigation__btn js-header-nav-btn\\\\\\" data-link=\\\\\\"task-list\\\\\\" title=\\\\\\"Go to Tasks\\\\\\">\\\\r\\\\n          <span class=\\\\\\"icon-list \\\\\\"></span>\\\\r\\\\n        </button>\\\\r\\\\n      </li>\\\\r\\\\n      <li class=\\\\\\"navigation__item\\\\\\">\\\\r\\\\n        <button class=\\\\\\"navigation__btn js-header-nav-btn\\\\\\" data-link=\\\\\\"reports/day/tasks\\\\\\" title=\\\\\\"Go to Reports\\\\\\">\\\\r\\\\n          <span class=\\\\\\"icon-statistics \\\\\\"></span>\\\\r\\\\n        </button>\\\\r\\\\n      </li>\\\\r\\\\n      <li class=\\\\\\"navigation__item\\\\\\">\\\\r\\\\n        <button class=\\\\\\"navigation__btn js-header-nav-btn\\\\\\" data-link=\\\\\\"settings/pomodoros\\\\\\" title=\\\\\\"Go to Settings\\\\\\">\\\\r\\\\n          <span class=\\\\\\"icon-settings \\\\\\"></span>\\\\r\\\\n        </button>\\\\r\\\\n      </li>\\\\r\\\\n    </ul>\\\\r\\\\n  </nav>\\\\r\\\\n</header><main class=\\\\\\"main\\\\\\">\\\\r\\\\n  <div class=\\\\\\"tabs js-nav\\\\\\">\\\\r\\\\n  \\\\r\\\\n    <div class=\\\\\\"tab tab--right \\\\\\">\\\\r\\\\n        <button class=\\\\\\"tab__btn js-tablink first-main-tab tab__btn--active \\\\\\" data-tab=\\\\\\"pomodoros\\\\\\">pomodoros</button>\\\\r\\\\n        <button class=\\\\\\"tab__btn js-tablink second-main-tab \\\\\\" data-tab=\\\\\\"categories\\\\\\">categories</button>\\\\r\\\\n    </div>\\\\r\\\\n  </div>\\\\r\\\\n  <section class=\\\\\\"main__content main__content--pomodoros\\\\\\" aria-label=\\\\\\"Pomodoros List\\\\\\">\\\\r\\\\n        <h2 class=\\\\\\"main__content__title\\\\\\">Pomodoros settings</h2>\\\\r\\\\n\\\\r\\\\n        <div class=\\\\\\"settings js-settings\\\\\\"></div>\\\\r\\\\n\\\\r\\\\n        <div class=\\\\\\"cycle\\\\\\">\\\\r\\\\n          <h2 class=\\\\\\"cycle__title\\\\\\">Your cycle</h2>\\\\r\\\\n          <section class=\\\\\\"cycle__scale js-cycle\\\\\\" aria-label=\\\\\\"Dinamic cycle represents time settings for pomodoros\\\\\\">\\\\r\\\\n          </section>\\\\r\\\\n          <div class=\\\\\\"cycle__control\\\\\\">\\\\r\\\\n            <button class=\\\\\\"cycle__button cycle__button--blue js-btn-to-tasks\\\\\\">\\\\r\\\\n              Go to Tasks\\\\r\\\\n            </button>\\\\r\\\\n            <button class=\\\\\\"cycle__button cycle__button--mint js-btn-save\\\\\\">\\\\r\\\\n              Save\\\\r\\\\n            </button>\\\\r\\\\n          </div>\\\\r\\\\n        </div>\\\\r\\\\n    </section>\\\\r\\\\n</main>\\\\r\\\\n\\\\r\\\\n\\""`;
