// Jest Snapshot v1, https://goo.gl/fbAQLP

exports[`rendering renders correctly allTasksDone 1`] = `"\\"<div class=\\\\\\"main__content--message\\\\\\">\\\\r\\\\n    <div>\\\\r\\\\n      <p>Excellent,</p>\\\\r\\\\n      <p>all daily tasks done :)</p>\\\\r\\\\n    </div>\\\\r\\\\n</div>\\""`;

exports[`rendering renders correctly emptyPage 1`] = `"\\"<div class=\\\\\\"first-screen\\\\\\">\\\\r\\\\n    <img src=\\\\\\"../images/tomato-add.svg\\\\\\" alt=\\\\\\"Logo\\\\\\" class=\\\\\\"first-screen__logo\\\\\\">\\\\r\\\\n    <div class=\\\\\\"first-screen__message\\\\\\">\\\\r\\\\n      <p>Add your first task</p>\\\\r\\\\n    </div>\\\\r\\\\n</div>\\""`;

exports[`rendering renders correctly firstPage 1`] = `"\\" <header class=\\\\\\"header js-header-main\\\\\\">\\\\r\\\\n\\\\r\\\\n <h1 class=\\\\\\"header__title\\\\\\">\\\\r\\\\n    daily task list\\\\r\\\\n  </h1>\\\\r\\\\n  <div class=\\\\\\"header__logo d-none\\\\\\">\\\\r\\\\n    <a href=\\\\\\"#\\\\\\">\\\\r\\\\n      <img src=\\\\\\"../images/Logo.svg\\\\\\" alt=\\\\\\"Logo\\\\\\" />\\\\r\\\\n    </a>\\\\r\\\\n  </div>\\\\r\\\\n  <nav class=\\\\\\"navigation\\\\\\" aria-label=\\\\\\"Main navigation\\\\\\">\\\\r\\\\n    <ul class=\\\\\\"navigation__list\\\\\\">\\\\r\\\\n      <li class=\\\\\\"navigation__item\\\\\\">\\\\r\\\\n        <button class=\\\\\\"navigation__btn js-header-nav-btn\\\\\\" data-link=\\\\\\"task-list\\\\\\" title=\\\\\\"Go to Tasks\\\\\\">\\\\r\\\\n          <span class=\\\\\\"icon-list \\\\\\"></span>\\\\r\\\\n        </button>\\\\r\\\\n      </li>\\\\r\\\\n      <li class=\\\\\\"navigation__item\\\\\\">\\\\r\\\\n        <button class=\\\\\\"navigation__btn js-header-nav-btn\\\\\\" data-link=\\\\\\"reports/day/tasks\\\\\\" title=\\\\\\"Go to Reports\\\\\\">\\\\r\\\\n          <span class=\\\\\\"icon-statistics \\\\\\"></span>\\\\r\\\\n        </button>\\\\r\\\\n      </li>\\\\r\\\\n      <li class=\\\\\\"navigation__item\\\\\\">\\\\r\\\\n        <button class=\\\\\\"navigation__btn js-header-nav-btn\\\\\\" data-link=\\\\\\"settings/pomodoros\\\\\\" title=\\\\\\"Go to Settings\\\\\\">\\\\r\\\\n          <span class=\\\\\\"icon-settings \\\\\\"></span>\\\\r\\\\n        </button>\\\\r\\\\n      </li>\\\\r\\\\n    </ul>\\\\r\\\\n  </nav>\\\\r\\\\n</header><main class=\\\\\\"main\\\\\\">\\\\r\\\\n  <div class=\\\\\\"tabs js-nav\\\\\\">\\\\r\\\\n  \\\\r\\\\n    <div class=\\\\\\"tab tab--right \\\\\\">\\\\r\\\\n        <button class=\\\\\\"tab__btn js-tablink first-main-tab \\\\\\" ></button>\\\\r\\\\n        <button class=\\\\\\"tab__btn js-tablink second-main-tab \\\\\\" ></button>\\\\r\\\\n    </div>\\\\r\\\\n  </div>\\\\r\\\\n<div class=\\\\\\"first-screen\\\\\\">\\\\r\\\\n  <img\\\\r\\\\n    src=\\\\\\"../images/tomato_settings.svg\\\\\\"\\\\r\\\\n    alt=\\\\\\"Logo\\\\\\"\\\\r\\\\n    class=\\\\\\"first-screen__logo\\\\\\"\\\\r\\\\n  >\\\\r\\\\n  <div class=\\\\\\"first-screen__message\\\\\\">\\\\r\\\\n    <p>\\\\r\\\\n      As you visited site for a first time you can\\\\r\\\\n          check and customize your default\\\\r\\\\n          application settings\\\\r\\\\n    </p>\\\\r\\\\n  </div>\\\\r\\\\n  <div class=\\\\\\"first-screen__buttons\\\\\\">\\\\r\\\\n    <button class=\\\\\\"first-screen__button first-screen__button--blue js-btn-skip\\\\\\">\\\\r\\\\n      Skip\\\\r\\\\n    </button>\\\\r\\\\n    <button class=\\\\\\"first-screen__button first-screen__button--mint js-btn-to-settings\\\\\\">\\\\r\\\\n      Go to settings\\\\r\\\\n    </button>\\\\r\\\\n  </div>\\\\r\\\\n</div>\\\\r\\\\n</main>\\""`;

exports[`rendering renders correctly noDailyTasks 1`] = `"\\"<div class=\\\\\\"main__content--message\\\\\\">\\\\r\\\\n    <div>\\\\r\\\\n      <p>Task added,</p>\\\\r\\\\n      <p>Go it to the top 5 in daily task list</p>\\\\r\\\\n      <span class=\\\\\\"main__content__icon icon-arrow_circle\\\\\\"></span>\\\\r\\\\n    </div>\\\\r\\\\n</div> \\""`;

exports[`rendering renders correctly noTasksLeft 1`] = `"\\"<div class=\\\\\\"first-screen\\\\\\">\\\\r\\\\n    <img src=\\\\\\"../images/tomato-addv02.svg\\\\\\" alt=\\\\\\"Logo\\\\\\" class=\\\\\\"first-screen__logo first-screen__logo--width--200\\\\\\">\\\\r\\\\n      <div class=\\\\\\"first-screen__message\\\\\\">\\\\r\\\\n        <p>You donâ€™t have any tasks left.</p>\\\\r\\\\n        <p>Add new tasks to stay productive.</p>\\\\r\\\\n      </div>\\\\r\\\\n</div>\\""`;

exports[`rendering renders correctly taskListContainer 1`] = `"\\" <header class=\\\\\\"header js-header-main\\\\\\">\\\\r\\\\n\\\\r\\\\n <h1 class=\\\\\\"header__title\\\\\\">\\\\r\\\\n    daily task list\\\\r\\\\n  </h1>\\\\r\\\\n  <div class=\\\\\\"header__logo d-none\\\\\\">\\\\r\\\\n    <a href=\\\\\\"#\\\\\\">\\\\r\\\\n      <img src=\\\\\\"../images/Logo.svg\\\\\\" alt=\\\\\\"Logo\\\\\\" />\\\\r\\\\n    </a>\\\\r\\\\n  </div>\\\\r\\\\n  <nav class=\\\\\\"navigation\\\\\\" aria-label=\\\\\\"Main navigation\\\\\\">\\\\r\\\\n    <ul class=\\\\\\"navigation__list\\\\\\">\\\\r\\\\n      <li class=\\\\\\"navigation__item\\\\\\">\\\\r\\\\n        <button class=\\\\\\"navigation__btn js-header-nav-btn\\\\\\" data-link=\\\\\\"task-list\\\\\\" title=\\\\\\"Go to Tasks\\\\\\">\\\\r\\\\n          <span class=\\\\\\"icon-list \\\\\\"></span>\\\\r\\\\n        </button>\\\\r\\\\n      </li>\\\\r\\\\n      <li class=\\\\\\"navigation__item\\\\\\">\\\\r\\\\n        <button class=\\\\\\"navigation__btn js-header-nav-btn\\\\\\" data-link=\\\\\\"reports/day/tasks\\\\\\" title=\\\\\\"Go to Reports\\\\\\">\\\\r\\\\n          <span class=\\\\\\"icon-statistics \\\\\\"></span>\\\\r\\\\n        </button>\\\\r\\\\n      </li>\\\\r\\\\n      <li class=\\\\\\"navigation__item\\\\\\">\\\\r\\\\n        <button class=\\\\\\"navigation__btn js-header-nav-btn\\\\\\" data-link=\\\\\\"settings/pomodoros\\\\\\" title=\\\\\\"Go to Settings\\\\\\">\\\\r\\\\n          <span class=\\\\\\"icon-settings \\\\\\"></span>\\\\r\\\\n        </button>\\\\r\\\\n      </li>\\\\r\\\\n    </ul>\\\\r\\\\n  </nav>\\\\r\\\\n</header>\\\\r\\\\n<main class=\\\\\\"main\\\\\\">\\\\r\\\\n  <div class=\\\\\\"tabs js-nav\\\\\\">\\\\r\\\\n  \\\\r\\\\n    <div class=\\\\\\"tab tab--right \\\\\\">\\\\r\\\\n        <button class=\\\\\\"tab__btn js-tablink first-main-tab \\\\\\" ></button>\\\\r\\\\n        <button class=\\\\\\"tab__btn js-tablink second-main-tab \\\\\\" ></button>\\\\r\\\\n    </div>\\\\r\\\\n  </div>\\\\r\\\\n    <div class=\\\\\\"main__content--daily main__content--active js-main__content--daily js-container-daily js-tabcontent\\\\\\" aria-label=\\\\\\"Daily tasks List\\\\\\"></div>\\\\r\\\\n    <div class=\\\\\\"main__content--done js-main__content--done d-none js-tabcontent\\\\\\" aria-label=\\\\\\"Done tasks List\\\\\\"></div>\\\\r\\\\n\\\\r\\\\n    <ol class=\\\\\\"global-list d-none js-global-list\\\\\\">\\\\r\\\\n      <li class=\\\\\\"global-list__nav js-nav\\\\\\">\\\\r\\\\n        <div>\\\\r\\\\n          <button class=\\\\\\"global-list__title js-global-list-btn-toggler\\\\\\" title=\\\\\\"Go to Global List\\\\\\">\\\\r\\\\n            Global list\\\\r\\\\n            <span class=\\\\\\"global-list__icon icon-global-list-arrow-right js-global-list-open-close-icon\\\\\\"></span>\\\\r\\\\n          </button>\\\\r\\\\n\\\\r\\\\n          <div class=\\\\\\"tabs js-global-tabs\\\\\\" aria-label=\\\\\\"Tasks select navigation\\\\\\">\\\\r\\\\n            <div class=\\\\\\"tab tab--left tab--hidden js-tab-select\\\\\\">\\\\r\\\\n              <button class=\\\\\\"tab__btn js-select-global-list\\\\\\">Select all</button>\\\\r\\\\n              <button class=\\\\\\"tab__btn js-deselect-global-list\\\\\\">Deselect all</button>\\\\r\\\\n            </div>\\\\r\\\\n          </div>\\\\r\\\\n        </div>\\\\r\\\\n\\\\r\\\\n        <div class=\\\\\\"tabs tabs--filter js-global-tabs js-global-tabs-categories\\\\\\" aria-label=\\\\\\"Tasks priority navigation\\\\\\">\\\\r\\\\n          <div class=\\\\\\"tab\\\\\\">\\\\r\\\\n            <button class=\\\\\\"tab__btn js-tab-btn tab__btn--active\\\\\\">all</button>\\\\r\\\\n            <button class=\\\\\\"tab__btn js-tab-btn\\\\\\">urgent</button>\\\\r\\\\n            <button class=\\\\\\"tab__btn js-tab-btn\\\\\\">high</button>\\\\r\\\\n            <button class=\\\\\\"tab__btn js-tab-btn\\\\\\">middle</button>\\\\r\\\\n            <button class=\\\\\\"tab__btn js-tab-btn\\\\\\">low</button>\\\\r\\\\n          </div>\\\\r\\\\n        </div>\\\\r\\\\n      </li>\\\\r\\\\n\\\\r\\\\n      <li class=\\\\\\"js-global-list-container\\\\\\">\\\\r\\\\n        <div>\\\\r\\\\n          <div class=\\\\\\"global-list__content js-global-list-content js-container js-container-global js-tabcontent\\\\\\">\\\\r\\\\n          </div>\\\\r\\\\n\\\\r\\\\n          <div class=\\\\\\"global-list__content js-global-list-content--done js-container js-container-global d-none js-tabcontent\\\\\\">\\\\r\\\\n          </div>\\\\r\\\\n        </div>\\\\r\\\\n      </li>\\\\r\\\\n      \\\\r\\\\n    </ol>\\\\r\\\\n  </main>\\""`;
