// Jest Snapshot v1, https://goo.gl/fbAQLP

exports[`createPomodoros should create pomodoros for template: <div class="main__task-info__icon"></div> 1`] = `"<div class=\\"main__task-info__icon\\"></div>"`;

exports[`rendering renders correctly timer 1`] = `"\\" <header class=\\\\\\"header js-header-main\\\\\\">\\\\r\\\\n\\\\r\\\\n <h1 class=\\\\\\"header__title\\\\\\">\\\\r\\\\n    daily task list\\\\r\\\\n  </h1>\\\\r\\\\n  <div class=\\\\\\"header__logo d-none\\\\\\">\\\\r\\\\n    <a href=\\\\\\"#\\\\\\">\\\\r\\\\n      <img src=\\\\\\"../images/Logo.svg\\\\\\" alt=\\\\\\"Logo\\\\\\" />\\\\r\\\\n    </a>\\\\r\\\\n  </div>\\\\r\\\\n  <nav class=\\\\\\"navigation\\\\\\" aria-label=\\\\\\"Main navigation\\\\\\">\\\\r\\\\n    <ul class=\\\\\\"navigation__list\\\\\\">\\\\r\\\\n      <li class=\\\\\\"navigation__item\\\\\\">\\\\r\\\\n        <button class=\\\\\\"navigation__btn js-header-nav-btn\\\\\\" data-link=\\\\\\"task-list\\\\\\" title=\\\\\\"Go to Tasks\\\\\\">\\\\r\\\\n          <span class=\\\\\\"icon-list \\\\\\"></span>\\\\r\\\\n        </button>\\\\r\\\\n      </li>\\\\r\\\\n      <li class=\\\\\\"navigation__item\\\\\\">\\\\r\\\\n        <button class=\\\\\\"navigation__btn js-header-nav-btn\\\\\\" data-link=\\\\\\"reports/day/tasks\\\\\\" title=\\\\\\"Go to Reports\\\\\\">\\\\r\\\\n          <span class=\\\\\\"icon-statistics \\\\\\"></span>\\\\r\\\\n        </button>\\\\r\\\\n      </li>\\\\r\\\\n      <li class=\\\\\\"navigation__item\\\\\\">\\\\r\\\\n        <button class=\\\\\\"navigation__btn js-header-nav-btn\\\\\\" data-link=\\\\\\"settings/pomodoros\\\\\\" title=\\\\\\"Go to Settings\\\\\\">\\\\r\\\\n          <span class=\\\\\\"icon-settings \\\\\\"></span>\\\\r\\\\n        </button>\\\\r\\\\n      </li>\\\\r\\\\n    </ul>\\\\r\\\\n  </nav>\\\\r\\\\n</header>\\\\r\\\\n<main class=\\\\\\"main main--static\\\\\\">\\\\r\\\\n    <div class=\\\\\\"main__task-info\\\\\\">\\\\r\\\\n      <h1 class=\\\\\\"main__task-info__title\\\\\\">Ывпыпа</h1>\\\\r\\\\n      <p class=\\\\\\"main__task-info__subtitle\\\\\\">Fgdgerf</p>\\\\r\\\\n\\\\r\\\\n      <div class=\\\\\\"main__task-info__estimation js-timer-estimation-block\\\\\\">\\\\r\\\\n        <div class=\\\\\\"main__task-info__icon\\\\\\"></div><div class=\\\\\\"main__task-info__icon\\\\\\"></div><div class=\\\\\\"main__task-info__icon\\\\\\"></div><div class=\\\\\\"main__task-info__icon\\\\\\"></div><div class=\\\\\\"main__task-info__icon\\\\\\"></div>\\\\r\\\\n        <button class=\\\\\\"icon-add d-none js-btn-pomodoros-add\\\\\\"></button>\\\\r\\\\n      </div>\\\\r\\\\n    </div>\\\\r\\\\n\\\\r\\\\n    <div class=\\\\\\"main__timer\\\\\\">\\\\r\\\\n      <a href=\\\\\\"/#/task-list\\\\\\" class=\\\\\\"main__timer__link main__timer__link--left icon-arrow-left js-btn-to-task-list\\\\\\" title=\\\\\\"Go to Global List\\\\\\">\\\\r\\\\n      </a>\\\\r\\\\n      <div id=\\\\\\"js-main-timer\\\\\\">\\\\r\\\\n    </div>\\\\r\\\\n      <a href=\\\\\\"/#/reports/day/tasks\\\\\\" class=\\\\\\"main__timer__link main__timer__link--right icon-arrow-right d-none js-btn-to-reports\\\\\\" title=\\\\\\"Go to Report\\\\\\">\\\\r\\\\n    </a>\\\\r\\\\n    </div>\\\\r\\\\n    \\\\r\\\\n    <div class=\\\\\\"main__control main__control--timer js-main__control--timer\\\\\\">\\\\r\\\\n      <button class=\\\\\\"main__control__button main__control__button--mint js-start-timer\\\\\\">\\\\r\\\\n        Start\\\\r\\\\n      </button>\\\\r\\\\n    </div>\\\\r\\\\n  </main>\\\\r\\\\n  \\""`;
