// Jest Snapshot v1, https://goo.gl/fbAQLP

exports[`renders correctly 1`] = `"\\" <header class=\\\\\\"header js-header-main\\\\\\">\\\\r\\\\n\\\\r\\\\n <h1 class=\\\\\\"header__title\\\\\\">\\\\r\\\\n    daily task list\\\\r\\\\n  </h1>\\\\r\\\\n  <div class=\\\\\\"header__logo d-none\\\\\\">\\\\r\\\\n    <a href=\\\\\\"#\\\\\\">\\\\r\\\\n      <img src=\\\\\\"../images/Logo.svg\\\\\\" alt=\\\\\\"Logo\\\\\\" />\\\\r\\\\n    </a>\\\\r\\\\n  </div>\\\\r\\\\n  <nav class=\\\\\\"navigation\\\\\\" aria-label=\\\\\\"Main navigation\\\\\\">\\\\r\\\\n    <ul class=\\\\\\"navigation__list\\\\\\">\\\\r\\\\n      <li class=\\\\\\"navigation__item\\\\\\">\\\\r\\\\n        <button class=\\\\\\"navigation__btn js-header-nav-btn\\\\\\" data-link=\\\\\\"task-list\\\\\\" title=\\\\\\"Go to Tasks\\\\\\">\\\\r\\\\n          <span class=\\\\\\"icon-list \\\\\\"></span>\\\\r\\\\n        </button>\\\\r\\\\n      </li>\\\\r\\\\n      <li class=\\\\\\"navigation__item\\\\\\">\\\\r\\\\n        <button class=\\\\\\"navigation__btn js-header-nav-btn\\\\\\" data-link=\\\\\\"reports/day/tasks\\\\\\" title=\\\\\\"Go to Reports\\\\\\">\\\\r\\\\n          <span class=\\\\\\"icon-statistics \\\\\\"></span>\\\\r\\\\n        </button>\\\\r\\\\n      </li>\\\\r\\\\n      <li class=\\\\\\"navigation__item\\\\\\">\\\\r\\\\n        <button class=\\\\\\"navigation__btn js-header-nav-btn\\\\\\" data-link=\\\\\\"settings/pomodoros\\\\\\" title=\\\\\\"Go to Settings\\\\\\">\\\\r\\\\n          <span class=\\\\\\"icon-settings \\\\\\"></span>\\\\r\\\\n        </button>\\\\r\\\\n      </li>\\\\r\\\\n    </ul>\\\\r\\\\n  </nav>\\\\r\\\\n</header>\\""`;
