// Jest Snapshot v1, https://goo.gl/fbAQLP

exports[`check report rendering renders correctly report 1`] = `"\\" <header class=\\\\\\"header js-header-main\\\\\\">\\\\r\\\\n\\\\r\\\\n <h1 class=\\\\\\"header__title\\\\\\">\\\\r\\\\n    daily task list\\\\r\\\\n  </h1>\\\\r\\\\n  <div class=\\\\\\"header__logo d-none\\\\\\">\\\\r\\\\n    <a href=\\\\\\"#\\\\\\">\\\\r\\\\n      <img src=\\\\\\"../images/Logo.svg\\\\\\" alt=\\\\\\"Logo\\\\\\" />\\\\r\\\\n    </a>\\\\r\\\\n  </div>\\\\r\\\\n  <nav class=\\\\\\"navigation\\\\\\" aria-label=\\\\\\"Main navigation\\\\\\">\\\\r\\\\n    <ul class=\\\\\\"navigation__list\\\\\\">\\\\r\\\\n      <li class=\\\\\\"navigation__item\\\\\\">\\\\r\\\\n        <button class=\\\\\\"navigation__btn js-header-nav-btn\\\\\\" data-link=\\\\\\"task-list\\\\\\" title=\\\\\\"Go to Tasks\\\\\\">\\\\r\\\\n          <span class=\\\\\\"icon-list \\\\\\"></span>\\\\r\\\\n        </button>\\\\r\\\\n      </li>\\\\r\\\\n      <li class=\\\\\\"navigation__item\\\\\\">\\\\r\\\\n        <button class=\\\\\\"navigation__btn js-header-nav-btn\\\\\\" data-link=\\\\\\"reports/day/tasks\\\\\\" title=\\\\\\"Go to Reports\\\\\\">\\\\r\\\\n          <span class=\\\\\\"icon-statistics \\\\\\"></span>\\\\r\\\\n        </button>\\\\r\\\\n      </li>\\\\r\\\\n      <li class=\\\\\\"navigation__item\\\\\\">\\\\r\\\\n        <button class=\\\\\\"navigation__btn js-header-nav-btn\\\\\\" data-link=\\\\\\"settings/pomodoros\\\\\\" title=\\\\\\"Go to Settings\\\\\\">\\\\r\\\\n          <span class=\\\\\\"icon-settings \\\\\\"></span>\\\\r\\\\n        </button>\\\\r\\\\n      </li>\\\\r\\\\n    </ul>\\\\r\\\\n  </nav>\\\\r\\\\n</header><main id=\\\\\\"main\\\\\\" class=\\\\\\"main main--static\\\\\\">\\\\r\\\\n  <div class=\\\\\\"tabs js-nav\\\\\\">\\\\r\\\\n  \\\\r\\\\n    <div class=\\\\\\"tab tab--right tab--center js-tab-top\\\\\\">\\\\r\\\\n        <button class=\\\\\\"tab__btn js-tablink first-main-tab \\\\\\" data-reports-period=\\\\\\"day\\\\\\">day</button>\\\\r\\\\n        <button class=\\\\\\"tab__btn js-tablink second-main-tab \\\\\\" data-reports-period=\\\\\\"week\\\\\\">week</button>\\\\r\\\\n        <button class=\\\\\\"tab__btn js-tablink \\\\\\" data-reports-period=\\\\\\"month\\\\\\">month</button>\\\\r\\\\n    </div>\\\\r\\\\n  </div>\\\\r\\\\n  \\\\r\\\\n  <div class=\\\\\\"main__reports\\\\\\">\\\\r\\\\n    <a href=\\\\\\"/#/task-list\\\\\\" class=\\\\\\"main__reports__link main__reports__link--left icon-arrow-left\\\\\\" title=\\\\\\"Go to Global List\\\\\\"></a>\\\\r\\\\n    <div class=\\\\\\"main__reports__container js-reports-container\\\\\\" id=\\\\\\"reports-container\\\\\\">\\\\r\\\\n    </div>\\\\r\\\\n  </div>\\\\r\\\\n  <div class=\\\\\\"tabs js-nav\\\\\\">\\\\r\\\\n  \\\\r\\\\n    <div class=\\\\\\"tab tab--right tab--center tab--bottom js-tab-bottom\\\\\\">\\\\r\\\\n        <button class=\\\\\\"tab__btn js-tablink first-main-tab \\\\\\" data-reports-category=\\\\\\"pomodoros\\\\\\">pomodoros</button>\\\\r\\\\n        <button class=\\\\\\"tab__btn js-tablink second-main-tab \\\\\\" data-reports-category=\\\\\\"tasks\\\\\\">tasks</button>\\\\r\\\\n    </div>\\\\r\\\\n  </div>\\\\r\\\\n</main>\\""`;

exports[`check report rendering renders correctly report 2`] = `"\\" <header class=\\\\\\"header js-header-main\\\\\\">\\\\r\\\\n\\\\r\\\\n <h1 class=\\\\\\"header__title\\\\\\">\\\\r\\\\n    daily task list\\\\r\\\\n  </h1>\\\\r\\\\n  <div class=\\\\\\"header__logo d-none\\\\\\">\\\\r\\\\n    <a href=\\\\\\"#\\\\\\">\\\\r\\\\n      <img src=\\\\\\"../images/Logo.svg\\\\\\" alt=\\\\\\"Logo\\\\\\" />\\\\r\\\\n    </a>\\\\r\\\\n  </div>\\\\r\\\\n  <nav class=\\\\\\"navigation\\\\\\" aria-label=\\\\\\"Main navigation\\\\\\">\\\\r\\\\n    <ul class=\\\\\\"navigation__list\\\\\\">\\\\r\\\\n      <li class=\\\\\\"navigation__item\\\\\\">\\\\r\\\\n        <button class=\\\\\\"navigation__btn js-header-nav-btn\\\\\\" data-link=\\\\\\"task-list\\\\\\" title=\\\\\\"Go to Tasks\\\\\\">\\\\r\\\\n          <span class=\\\\\\"icon-list \\\\\\"></span>\\\\r\\\\n        </button>\\\\r\\\\n      </li>\\\\r\\\\n      <li class=\\\\\\"navigation__item\\\\\\">\\\\r\\\\n        <button class=\\\\\\"navigation__btn js-header-nav-btn\\\\\\" data-link=\\\\\\"reports/day/tasks\\\\\\" title=\\\\\\"Go to Reports\\\\\\">\\\\r\\\\n          <span class=\\\\\\"icon-statistics \\\\\\"></span>\\\\r\\\\n        </button>\\\\r\\\\n      </li>\\\\r\\\\n      <li class=\\\\\\"navigation__item\\\\\\">\\\\r\\\\n        <button class=\\\\\\"navigation__btn js-header-nav-btn\\\\\\" data-link=\\\\\\"settings/pomodoros\\\\\\" title=\\\\\\"Go to Settings\\\\\\">\\\\r\\\\n          <span class=\\\\\\"icon-settings \\\\\\"></span>\\\\r\\\\n        </button>\\\\r\\\\n      </li>\\\\r\\\\n    </ul>\\\\r\\\\n  </nav>\\\\r\\\\n</header><main id=\\\\\\"main\\\\\\" class=\\\\\\"main main--static\\\\\\">\\\\r\\\\n  <div class=\\\\\\"tabs js-nav\\\\\\">\\\\r\\\\n  \\\\r\\\\n    <div class=\\\\\\"tab tab--right tab--center js-tab-top\\\\\\">\\\\r\\\\n        <button class=\\\\\\"tab__btn js-tablink first-main-tab \\\\\\" data-reports-period=\\\\\\"day\\\\\\">day</button>\\\\r\\\\n        <button class=\\\\\\"tab__btn js-tablink second-main-tab \\\\\\" data-reports-period=\\\\\\"week\\\\\\">week</button>\\\\r\\\\n        <button class=\\\\\\"tab__btn js-tablink \\\\\\" data-reports-period=\\\\\\"month\\\\\\">month</button>\\\\r\\\\n    </div>\\\\r\\\\n  </div>\\\\r\\\\n  \\\\r\\\\n  <div class=\\\\\\"main__reports\\\\\\">\\\\r\\\\n    <a href=\\\\\\"/#/task-list\\\\\\" class=\\\\\\"main__reports__link main__reports__link--left icon-arrow-left\\\\\\" title=\\\\\\"Go to Global List\\\\\\"></a>\\\\r\\\\n    <div class=\\\\\\"main__reports__container js-reports-container\\\\\\" id=\\\\\\"reports-container\\\\\\">\\\\r\\\\n    </div>\\\\r\\\\n  </div>\\\\r\\\\n  <div class=\\\\\\"tabs js-nav\\\\\\">\\\\r\\\\n  \\\\r\\\\n    <div class=\\\\\\"tab tab--right tab--center tab--bottom js-tab-bottom\\\\\\">\\\\r\\\\n        <button class=\\\\\\"tab__btn js-tablink first-main-tab \\\\\\" data-reports-category=\\\\\\"pomodoros\\\\\\">pomodoros</button>\\\\r\\\\n        <button class=\\\\\\"tab__btn js-tablink second-main-tab \\\\\\" data-reports-category=\\\\\\"tasks\\\\\\">tasks</button>\\\\r\\\\n    </div>\\\\r\\\\n  </div>\\\\r\\\\n</main>\\""`;
